ERR_SSL_CIPHER_OPERATION_FAILED
npm error 80110000:error:1C800066:Provider routines:ossl_gcm_stream_update:cipher operation failed:c:\ws\deps\openssl\openssl\providers\implementations\ciphers\ciphercommon_gcm.c:325:
npm error
npm error A complete log of this run can be found in: C:\Users\user\AppData\Local\npm-cache\_logs\2025-01-11T07_41_13_173Z-debug-0.log






